>synthetic genome extracted by PluMA, region 9391-9993
TTGAACGACGCCGCCTACGCCGAGGCCCGCTGGGCCGAACTGCAGAACCAGGGTGACCTTGCCTGGGACCTGGATGCCATCACCAACCGCAGCGAGGCGATCGCCTTCCTCAAACGTTTCGAGAACCGCCTGTGCATCTACTCGGCCTATGTCGAGAAGCTCTACAGCAACTACAGCTTCGTGATTCCCGAGAGCGACCATGGCGGCATCACCATCCTGCCCAGCGAGCAGGCCTGGCACGACACCTTCCACGATATCCCGCTGGCCGCGGTGGAGCCCACCGGGATCCATATCCTGCCGGGCGAGACCATGGGCTATCGCGGGCTCTACCTGAAGATTCCCGGCGAGCACCGCCTGGTGGCGTCGAAGGAATTGCCGTTCCAGGAAGGGTTGAAACTGCTGATCCAGCGTTACCAGGCTCACGACGACGTGTTCCTGCCGATCCTGGTCAA